
> amarbhaiya.in@0.1.0 build
> next build

▲ Next.js 16.1.6 (Turbopack)
- Environments: .env.local, .env

  Creating an optimized production build ...
✓ Compiled successfully in 15.2s
  Running TypeScript ...
  Collecting page data using 7 workers ...
  Generating static pages using 7 workers (0/60) ...
  Generating static pages using 7 workers (15/60) 
  Generating static pages using 7 workers (30/60) 
  Generating static pages using 7 workers (45/60) 
✓ Generating static pages using 7 workers (60/60) in 928.9ms
  Finalizing page optimization ...

Route (app)
┌ ○ /
├ ○ /_not-found
├ ○ /about
├ ○ /admin
├ ƒ /admin/audit-logs
├ ƒ /admin/categories
├ ƒ /admin/community
├ ƒ /admin/courses
├ ƒ /admin/courses/[id]
├ ƒ /admin/live
├ ƒ /admin/moderation
├ ƒ /admin/payments
├ ƒ /admin/payments/[id]
├ ƒ /admin/settings
├ ƒ /admin/users
├ ƒ /admin/users/[id]
├ ƒ /api/admin/stats
├ ƒ /api/admin/users/[id]/role
├ ƒ /api/auth/me
├ ƒ /api/community/categories
├ ƒ /api/community/categories/[id]/threads
├ ƒ /api/community/threads/[id]/replies
├ ƒ /api/instructor/courses/[id]/students
├ ƒ /api/instructor/lessons
├ ƒ /api/instructor/lessons/[id]
├ ƒ /api/instructor/live
├ ƒ /api/instructor/modules
├ ƒ /api/instructor/modules/[id]
├ ƒ /api/instructor/stats
├ ƒ /api/instructor/upload/video
├ ƒ /api/lms/community/[categoryId]/threads
├ ƒ /api/lms/community/categories
├ ƒ /api/lms/courses
├ ƒ /api/lms/courses/[id]
├ ƒ /api/lms/courses/[id]/enrollment
├ ƒ /api/lms/courses/[id]/progress
├ ƒ /api/lms/courses/[id]/reviews
├ ƒ /api/lms/dashboard
├ ƒ /api/lms/dashboard/sessions
├ ƒ /api/lms/lessons/[id]/comments
├ ƒ /api/lms/live
├ ƒ /api/lms/live/[sessionId]
├ ƒ /api/lms/progress/report
├ ƒ /api/moderation/actions
├ ƒ /api/moderation/flagged
├ ƒ /api/moderation/reports
├ ƒ /api/moderation/stats
├ ƒ /api/moderator/students/[id]
├ ƒ /api/notifications
├ ƒ /api/notifications/[id]/read
├ ƒ /api/public/community
├ ƒ /api/public/stats
├ ƒ /api/public/testimonials
├ ƒ /api/stream/token
├ ƒ /api/webhooks/phonepe
├ ƒ /api/webhooks/razorpay
├ ƒ /app/certificates
├ ○ /app/community
├ ƒ /app/community/[categoryId]
├ ƒ /app/community/[categoryId]/[threadId]
├ ƒ /app/community/thread/[threadId]
├ ƒ /app/courses/[id]
├ ƒ /app/courses/[id]/[lessonId]
├ ○ /app/dashboard
├ ƒ /app/live/[sessionId]
├ ƒ /app/profile/[id]
├ ○ /app/progress
├ ○ /auth/forgot-password
├ ƒ /auth/login
├ ƒ /auth/register
├ ƒ /auth/reset-password
├ ○ /blog
├ ƒ /blog/[slug]
├ ○ /contact
├ ○ /courses
├ ƒ /courses/[slug]
├ ○ /instructor
├ ○ /instructor/community
├ ƒ /instructor/courses
├ ƒ /instructor/courses/[id]
├ ƒ /instructor/courses/[id]/curriculum
├ ƒ /instructor/courses/[id]/settings
├ ƒ /instructor/courses/[id]/students
├ ○ /instructor/courses/new
├ ○ /instructor/live
├ ○ /instructor/live/new
├ ○ /moderator
├ ○ /moderator/community
├ ○ /moderator/live
├ ○ /moderator/reports
├ ○ /moderator/students
└ ƒ /moderator/students/[id]


ƒ Proxy (Middleware)

○  (Static)   prerendered as static content
ƒ  (Dynamic)  server-rendered on demand

