src/app/(dashboard)/app/learn/[courseId]/[lessonId]/page.tsx(146,9): error TS2322: Type 'unknown' is not assignable to type 'ReactNode'.
